exports[`test should match snapshot 1`] = `null`;
